2025-08-29T21:22:14+00:00	admin	login	{"user":"admin"}
2025-08-29T21:24:19+00:00	admin	login	{"user":"admin"}
2025-08-29T21:29:10+00:00	admin	user.password.change	{"user":"admin"}
2025-08-29T21:29:43+00:00	admin	login	{"user":"admin"}
2025-08-29T21:47:52+00:00	admin	login	{"user":"admin"}
2025-08-29T21:48:02+00:00	admin	user.rename	{"from":"admin","to":"fay"}
2025-08-29T21:48:43+00:00	fay	login	{"user":"fay"}
2025-08-29T22:01:16+00:00	fay	login	{"user":"fay"}
2025-08-29T22:03:16+00:00	fay	site.create	{"name":"demo"}
2025-08-29T22:03:26+00:00	fay	site.enable	{"name":"demo"}
2025-08-29T22:09:55+00:00	fay	site.disable	{"name":"demo"}
2025-08-29T22:09:58+00:00	fay	site.enable	{"name":"demo"}
2025-08-29T22:22:16+00:00	fay	site.create	{"name":"fay"}
2025-08-29T22:22:21+00:00	fay	site.enable	{"name":"fay"}
2025-08-29T22:24:27+00:00	fay	login	{"user":"fay"}
2025-08-29T22:39:43+00:00	fay	site.delete	{"name":"fay","delete_root":"yes"}
2025-08-29T22:46:06+00:00	fay	site.create	{"name":"tmp"}
2025-08-29T22:46:08+00:00	fay	site.enable	{"name":"tmp"}
2025-08-29T22:52:07+00:00	fay	site.disable	{"name":"tmp"}
2025-08-29T22:52:15+00:00	fay	site.delete	{"name":"tmp","delete_root":"yes"}
2025-08-29T23:03:33+00:00	fay	site.create	{"name":"faytest"}
2025-08-29T23:06:28+00:00	fay	site.create	{"name":"modal"}
2025-08-29T23:06:59+00:00	fay	site.enable	{"name":"modal"}
2025-08-29T23:07:00+00:00	fay	site.enable	{"name":"faytest"}
2025-08-29T23:11:05+00:00	fay	site.delete	{"name":"faytest","delete_root":"yes"}
2025-08-29T23:19:18+00:00	fay	site.delete	{"name":"modal","delete_root":"yes"}
2025-08-29T23:27:53+00:00	fay	site.create	{"name":"test"}
2025-08-29T23:28:00+00:00	fay	site.delete	{"name":"test","delete_root":"yes"}
2025-08-29T23:39:22+00:00	fay	site.disable	{"name":"demo"}
2025-08-29T23:39:30+00:00	fay	site.enable	{"name":"demo"}
2025-08-29T23:48:36+00:00	fay	site.disable	{"name":"demo"}
2025-08-29T23:48:38+00:00	fay	site.enable	{"name":"demo"}
2025-08-29T23:50:07+00:00	fay	site.disable	{"name":"demo"}
2025-08-29T23:50:09+00:00	fay	site.enable	{"name":"demo"}
2025-08-29T23:50:11+00:00	fay	site.disable	{"name":"demo"}
2025-08-29T23:50:11+00:00	fay	site.enable	{"name":"demo"}
2025-08-29T23:50:15+00:00	fay	site.disable	{"name":"demo"}
2025-08-29T23:50:21+00:00	fay	site.enable	{"name":"demo"}
2025-08-29T23:55:50+00:00	fay	site.disable	{"name":"demo"}
2025-08-29T23:55:51+00:00	fay	site.enable	{"name":"demo"}
2025-08-29T23:57:07+00:00	fay	site.disable	{"name":"demo"}
2025-08-29T23:57:08+00:00	fay	site.enable	{"name":"demo"}
2025-08-29T23:58:58+00:00	fay	site.disable	{"name":"demo"}
2025-08-29T23:58:59+00:00	fay	site.enable	{"name":"demo"}
2025-08-29T23:59:15+00:00	fay	site.toggle	{"name":"demo","enabled":false}
2025-08-29T23:59:16+00:00	fay	site.toggle	{"name":"demo","enabled":true}
2025-08-30T00:01:32+00:00	fay	site.toggle	{"name":"demo","enabled":false}
2025-08-30T00:01:38+00:00	fay	site.toggle	{"name":"demo","enabled":true}
2025-08-30T00:02:12+00:00	fay	site.toggle	{"name":"demo","enabled":false}
2025-08-30T00:02:13+00:00	fay	site.toggle	{"name":"demo","enabled":true}
2025-08-30T00:02:57+00:00	fay	site.toggle	{"name":"demo","enabled":false}
2025-08-30T00:02:58+00:00	fay	site.toggle	{"name":"demo","enabled":true}
2025-08-30T00:06:29+00:00	fay	site.delete	{"name":"demo","delete_root":"no"}
2025-08-30T00:07:25+00:00	fay	site.create	{"name":"test"}
2025-08-30T00:07:41+00:00	fay	site.delete	{"name":"test","delete_root":"no"}
2025-08-30T00:08:28+00:00	fay	site.create	{"name":"ert"}
2025-08-30T00:18:04+00:00	fay	site.toggle	{"name":"ert","enabled":true}
2025-08-30T00:18:24+00:00	fay	site.delete	{"name":"ert","delete_root":"no"}
2025-08-30T00:21:57+00:00	fay	site.create	{"name":"tes"}
2025-08-30T00:22:04+00:00	fay	site.toggle	{"name":"tes","enabled":true}
2025-08-30T00:22:08+00:00	fay	site.toggle	{"name":"tes","enabled":false}
2025-08-30T00:22:17+00:00	fay	site.delete	{"name":"tes","delete_root":"yes"}
2025-08-30T01:02:52+00:00	fay	site.create	{"name":"ert"}
2025-08-30T01:03:08+00:00	fay	site.delete	{"name":"ert","delete_root":"no"}
2025-08-30T01:04:59+00:00	fay	site.create	{"name":"ert"}
2025-08-30T01:06:45+00:00	fay	site.delete	{"name":"ert","delete_root":"no"}
2025-08-30T01:07:09+00:00	fay	site.create	{"name":"ert"}
2025-08-30T01:14:02+00:00	fay	site.delete	{"name":"ert","delete_root":"no"}
2025-08-30T01:21:02+00:00	fay	site.create	{"name":"ert"}
2025-08-30T01:21:54+00:00	fay	site.toggle	{"name":"ert","enabled":true}
2025-08-30T02:09:15+00:00	fay	site.delete	{"name":"ert","delete_root":"yes"}
2025-08-30T02:09:49+00:00	fay	site.create	{"name":"ert"}
2025-08-30T02:09:53+00:00	fay	site.delete	{"name":"ert","delete_root":"no"}
